// Jest Snapshot v1, https://goo.gl/fbAQLP

exports[`StoryViewContainer Component Match Snapshot 1`] = `null`;
